
> solarworks-serverless@0.1.0 build
> next build

node.exe : ΓÜá Warning: 
Next.js inferred your 
workspace root, but it 
may not be correct.
At C:\Program 
Files\nodejs\npm.ps1:29 
char:3
+   & $NODE_EXE 
$NPM_CLI_JS $args
+   ~~~~~~~~~~~~~~~~~~~~
~~~~~~~~~
    + CategoryInfo      
        : NotSpecified  
  : (ΓÜá Warning: Ne.   
 ..not be correct.:S    
tring) [], RemoteEx    
ception
    + FullyQualifiedErr 
   orId : NativeComman  
  dError
 
 We detected multiple 
lockfiles and selected 
the directory of C:\User
s\USER\Desktop\solarwork
s-pos-serverless\package
-lock.json as the root 
directory.
 To silence this 
warning, set 
`turbopack.root` in 
your Next.js config, or 
consider removing one 
of the lockfiles if 
it's not needed.
   See https://nextjs.or
g/docs/app/api-reference
/config/next-config-js/t
urbopack#root-directory 
for more information.
 Detected additional 
lockfiles: 
   * C:\Users\USER\Deskt
op\solarworks-pos-server
less\solarworks-pos-serv
erless\package-lock.json

Γû▓ Next.js 16.1.6 (Turbopack)
- Environments: .env.production, .env

  Creating an optimized production build ...

> Build error occurred
Error: Turbopack build 
failed with 1 errors:
./solarworks-pos-serverl
ess/src/lib/cloudinary.t
s:1:1
Module not found: Can't 
resolve 'cloudinary'
[0m[31m[1m>[22m[39m
[90m 1 |[39m 
[36mimport[39m { v2 
[36mas[39m 
cloudinary[33m,[39m [
33mUploadApiResponse[39
m } [36mfrom[39m [32m
"cloudinary"[39m[33m;
[39m
 [90m   |[39m [31m[1
m^[22m[39m[31m[1m^[
22m[39m[31m[1m^[22m
[39m[31m[1m^[22m[39m
[31m[1m^[22m[39m[31
m[1m^[22m[39m[31m[1
m^[22m[39m[31m[1m^[
22m[39m[31m[1m^[22m
[39m[31m[1m^[22m[39m
[31m[1m^[22m[39m[31
m[1m^[22m[39m[31m[1
m^[22m[39m[31m[1m^[
22m[39m[31m[1m^[22m
[39m[31m[1m^[22m[39m
[31m[1m^[22m[39m[31
m[1m^[22m[39m[31m[1
m^[22m[39m[31m[1m^[
22m[39m[31m[1m^[22m
[39m[31m[1m^[22m[39m
[31m[1m^[22m[39m[31
m[1m^[22m[39m[31m[1
m^[22m[39m[31m[1m^[
22m[39m[31m[1m^[22m
[39m[31m[1m^[22m[39m
[31m[1m^[22m[39m[31
m[1m^[22m[39m[31m[1
m^[22m[39m[31m[1m^[
22m[39m[31m[1m^[22m
[39m[31m[1m^[22m[39m
[31m[1m^[22m[39m[31
m[1m^[22m[39m[31m[1
m^[22m[39m[31m[1m^[
22m[39m[31m[1m^[22m
[39m[31m[1m^[22m[39m
[31m[1m^[22m[39m[31
m[1m^[22m[39m[31m[1
m^[22m[39m[31m[1m^[
22m[39m[31m[1m^[22m
[39m[31m[1m^[22m[39m
[31m[1m^[22m[39m[31
m[1m^[22m[39m[31m[1
m^[22m[39m[31m[1m^[
22m[39m[31m[1m^[22m
[39m[31m[1m^[22m[39m
[31m[1m^[22m[39m[31
m[1m^[22m[39m[31m[1
m^[22m[39m[31m[1m^[
22m[39m[31m[1m^[22m
[39m[31m[1m^[22m[39m
[31m[1m^[22m[39m[31
m[1m^[22m[39m[31m[1
m^[22m[39m[31m[1m^[
22m[39m[31m[1m^[22m
[39m[31m[1m^[22m[39m
[31m[1m^[22m[39m
 [90m 2 |[39m
 [90m 3 |[39m [90m// 
Configure 
Cloudinary[39m
 [90m 4 |[39m cloudina
ry[33m.[39mconfig({[0
m



Import trace:
  App Route:
    ./solarworks-pos-ser
verless/src/lib/cloudina
ry.ts
    ./solarworks-pos-ser
verless/src/app/api/prod
ucts/category-products/r
oute.ts

https://nextjs.org/docs/
messages/module-not-foun
d


    at <unknown> (./sola
rworks-pos-serverless/sr
c/lib/cloudinary.ts:1:1)
    at <unknown> (https:
//nextjs.org/docs/messag
es/module-not-found)
