src/lib/cloudinary.ts(1,53): error TS2307: Cannot find module 'cloudinary' or its corresponding type declarations.
