src/app/(dashboard)/(staff)/orders/_components/AddonSelectionModal.tsx(11,8): error TS2307: Cannot find module '@/components/ui/dialog' or its corresponding type declarations.
src/app/(dashboard)/(staff)/orders/_components/AddonSelectionModal.tsx(12,24): error TS2307: Cannot find module '@/components/ui/button' or its corresponding type declarations.
src/app/(dashboard)/(staff)/orders/_components/AddonSelectionModal.tsx(13,23): error TS2307: Cannot find module '@/components/ui/badge' or its corresponding type declarations.
src/app/(dashboard)/(staff)/orders/_components/AddonSelectionModal.tsx(14,27): error TS2307: Cannot find module '@/components/ui/separator' or its corresponding type declarations.
src/app/(dashboard)/(staff)/orders/_components/AddonSelectionModal.tsx(15,28): error TS2307: Cannot find module '@/components/ui/scroll-area' or its corresponding type declarations.
src/app/(dashboard)/(staff)/orders/_components/AttendanceBar.tsx(5,24): error TS2307: Cannot find module '@/components/ui/button' or its corresponding type declarations.
src/app/(dashboard)/(staff)/orders/_components/AttendanceBar.tsx(12,8): error TS2307: Cannot find module '@/components/ui/sheet' or its corresponding type declarations.
src/app/(dashboard)/(staff)/orders/_components/CartItem.tsx(5,24): error TS2307: Cannot find module '@/components/ui/button' or its corresponding type declarations.
src/app/(dashboard)/(staff)/orders/_components/CartItem.tsx(6,23): error TS2307: Cannot find module '@/components/ui/badge' or its corresponding type declarations.
src/app/(dashboard)/(staff)/orders/_components/CashPaymentInput.tsx(4,23): error TS2307: Cannot find module '@/components/ui/input' or its corresponding type declarations.
src/app/(dashboard)/(staff)/orders/_components/CashPaymentInput.tsx(5,23): error TS2307: Cannot find module '@/components/ui/label' or its corresponding type declarations.
src/app/(dashboard)/(staff)/orders/_components/CashPaymentInput.tsx(7,27): error TS2307: Cannot find module '@/components/ui/separator' or its corresponding type declarations.
src/app/(dashboard)/(staff)/orders/_components/CategoryFilter.tsx(5,24): error TS2307: Cannot find module '@/components/ui/button' or its corresponding type declarations.
src/app/(dashboard)/(staff)/orders/_components/CategoryFilter.tsx(6,23): error TS2307: Cannot find module '@/components/ui/label' or its corresponding type declarations.
src/app/(dashboard)/(staff)/orders/_components/ClockInCard.tsx(5,31): error TS2307: Cannot find module '@/hooks/useAttendance' or its corresponding type declarations.
src/app/(dashboard)/(staff)/orders/_components/ClockInCard.tsx(8,23): error TS2307: Cannot find module '@/components/ui/badge' or its corresponding type declarations.
src/app/(dashboard)/(staff)/orders/_components/ClockInCard.tsx(9,35): error TS2307: Cannot find module '@/components/ui/card' or its corresponding type declarations.
src/app/(dashboard)/(staff)/orders/_components/ClockInCard.tsx(10,41): error TS2307: Cannot find module '@/components/ui/alert' or its corresponding type declarations.
src/app/(dashboard)/(staff)/orders/_components/DiscountModal.tsx(6,24): error TS2307: Cannot find module '@/components/ui/button' or its corresponding type declarations.
src/app/(dashboard)/(staff)/orders/_components/DiscountModal.tsx(7,23): error TS2307: Cannot find module '@/components/ui/input' or its corresponding type declarations.
src/app/(dashboard)/(staff)/orders/_components/DiscountModal.tsx(8,23): error TS2307: Cannot find module '@/components/ui/label' or its corresponding type declarations.
src/app/(dashboard)/(staff)/orders/_components/DiscountModal.tsx(9,23): error TS2307: Cannot find module '@/components/ui/badge' or its corresponding type declarations.
src/app/(dashboard)/(staff)/orders/_components/DiscountModal.tsx(12,8): error TS2307: Cannot find module '@/components/ui/dialog' or its corresponding type declarations.
src/app/(dashboard)/(staff)/orders/_components/Insufficientstockmodal.tsx(4,24): error TS2307: Cannot find module '@/components/ui/button' or its corresponding type declarations.
src/app/(dashboard)/(staff)/orders/_components/OrderDetailModal.tsx(4,31): error TS2307: Cannot find module '@/types/order.type' or its corresponding type declarations.
src/app/(dashboard)/(staff)/orders/_components/OrderDetailModal.tsx(11,8): error TS2307: Cannot find module '@/components/ui/dialog' or its corresponding type declarations.
src/app/(dashboard)/(staff)/orders/_components/OrderDetailModal.tsx(12,28): error TS2307: Cannot find module '@/components/ui/scroll-area' or its corresponding type declarations.
src/app/(dashboard)/(staff)/orders/_components/OrderDetailModal.tsx(13,24): error TS2307: Cannot find module '@/components/ui/button' or its corresponding type declarations.
src/app/(dashboard)/(staff)/orders/_components/OrderHistoryModal.tsx(5,24): error TS2307: Cannot find module '@/components/ui/button' or its corresponding type declarations.
src/app/(dashboard)/(staff)/orders/_components/OrderHistoryModal.tsx(6,23): error TS2307: Cannot find module '@/components/ui/input' or its corresponding type declarations.
src/app/(dashboard)/(staff)/orders/_components/OrderHistoryModal.tsx(7,23): error TS2307: Cannot find module '@/components/ui/badge' or its corresponding type declarations.
src/app/(dashboard)/(staff)/orders/_components/OrderHistoryModal.tsx(10,8): error TS2307: Cannot find module '@/components/ui/dialog' or its corresponding type declarations.
src/app/(dashboard)/(staff)/orders/_components/OrderHistoryModal.tsx(13,8): error TS2307: Cannot find module '@/components/ui/select' or its corresponding type declarations.
src/app/(dashboard)/(staff)/orders/_components/Printerstatus.tsx(7,23): error TS2307: Cannot find module '@/components/ui/badge' or its corresponding type declarations.
src/app/(dashboard)/(staff)/orders/_components/Printerstatus.tsx(8,27): error TS2307: Cannot find module '@/provider/socket-provider' or its corresponding type declarations.
src/app/(dashboard)/(staff)/orders/_components/Printerstatus.tsx(9,33): error TS2307: Cannot find module '@/types/receipt' or its corresponding type declarations.
src/app/(dashboard)/(staff)/orders/_components/ProductCard.tsx(5,35): error TS2307: Cannot find module '@/components/ui/card' or its corresponding type declarations.
src/app/(dashboard)/(staff)/orders/_components/ProductCard.tsx(6,24): error TS2307: Cannot find module '@/components/ui/button' or its corresponding type declarations.
src/app/(dashboard)/(staff)/orders/_components/ProductCard.tsx(7,23): error TS2307: Cannot find module '@/components/ui/badge' or its corresponding type declarations.
src/app/(dashboard)/(staff)/orders/_components/QueueBoard.tsx(13,44): error TS2307: Cannot find module '@/types/order.type' or its corresponding type declarations.
src/app/(dashboard)/(staff)/orders/_components/QueueBoard.tsx(15,27): error TS2307: Cannot find module '@/provider/socket-provider' or its corresponding type declarations.
src/app/(dashboard)/(staff)/orders/_components/QueueBoard.tsx(16,23): error TS2307: Cannot find module '@/components/ui/badge' or its corresponding type declarations.
src/app/(dashboard)/(staff)/orders/_components/Receiptmodal.tsx(8,24): error TS2307: Cannot find module '@/components/ui/button' or its corresponding type declarations.
src/app/(dashboard)/(staff)/orders/_components/Receiptmodal.tsx(9,38): error TS2307: Cannot find module '@/components/ui/companion-print-button' or its corresponding type declarations.
src/app/(dashboard)/(staff)/orders/_components/Receiptmodal.tsx(13,27): error TS2307: Cannot find module '@/provider/socket-provider' or its corresponding type declarations.
src/app/(dashboard)/(staff)/orders/_components/Receiptmodal.tsx(20,8): error TS2307: Cannot find module '@/components/ui/dialog' or its corresponding type declarations.
src/app/(dashboard)/(staff)/orders/_components/Savedorderspanel.tsx(4,24): error TS2307: Cannot find module '@/components/ui/button' or its corresponding type declarations.
src/app/(dashboard)/(staff)/orders/_components/Savedorderspanel.tsx(5,22): error TS2307: Cannot find module '@/components/ui/card' or its corresponding type declarations.
src/app/(dashboard)/(staff)/orders/_components/Savedorderspanel.tsx(6,23): error TS2307: Cannot find module '@/components/ui/badge' or its corresponding type declarations.
src/app/(dashboard)/(staff)/orders/_components/SidebarActions.tsx(14,24): error TS2307: Cannot find module '@/components/ui/button' or its corresponding type declarations.
src/app/(dashboard)/(staff)/orders/_components/SidebarActions.tsx(15,27): error TS2307: Cannot find module '@/components/ui/separator' or its corresponding type declarations.
src/app/(dashboard)/(staff)/orders/_components/SidebarActions.tsx(16,23): error TS2307: Cannot find module '@/components/ui/badge' or its corresponding type declarations.
src/app/(dashboard)/(staff)/orders/_components/SplitpaymentInput.tsx(4,23): error TS2307: Cannot find module '@/components/ui/input' or its corresponding type declarations.
src/app/(dashboard)/(staff)/orders/_components/SplitpaymentInput.tsx(5,23): error TS2307: Cannot find module '@/components/ui/label' or its corresponding type declarations.
src/app/(dashboard)/(staff)/orders/_components/SplitpaymentInput.tsx(6,24): error TS2307: Cannot find module '@/components/ui/button' or its corresponding type declarations.
src/app/(dashboard)/(staff)/orders/_components/StaffPinClockIn.tsx(4,24): error TS2307: Cannot find module '@/components/ui/button' or its corresponding type declarations.
src/app/(dashboard)/(staff)/orders/_components/StaffPinClockIn.tsx(5,23): error TS2307: Cannot find module '@/components/ui/input' or its corresponding type declarations.
src/app/(dashboard)/(staff)/orders/_components/StaffPinClockIn.tsx(6,23): error TS2307: Cannot find module '@/components/ui/label' or its corresponding type declarations.
src/app/(dashboard)/(staff)/orders/_components/StockAlertsModal.tsx(12,8): error TS2307: Cannot find module '@/components/ui/dialog' or its corresponding type declarations.
src/app/(dashboard)/(staff)/orders/_components/StockAlertsModal.tsx(13,24): error TS2307: Cannot find module '@/components/ui/button' or its corresponding type declarations.
src/app/(dashboard)/(staff)/orders/_components/StockAlertsModal.tsx(14,28): error TS2307: Cannot find module '@/components/ui/scroll-area' or its corresponding type declarations.
src/app/(dashboard)/(staff)/orders/_components/StockAlertsModal.tsx(15,23): error TS2307: Cannot find module '@/components/ui/badge' or its corresponding type declarations.
src/app/(dashboard)/(staff)/orders/page.tsx(5,36): error TS2307: Cannot find module '@/hooks/useReceiptSettings' or its corresponding type declarations.
src/app/(dashboard)/(staff)/orders/page.tsx(9,8): error TS2307: Cannot find module '@/lib/receiptPrinter' or its corresponding type declarations.
src/app/(dashboard)/(staff)/orders/page.tsx(10,31): error TS2307: Cannot find module '@/hooks/useAttendance' or its corresponding type declarations.
src/app/(dashboard)/(staff)/orders/page.tsx(11,28): error TS2307: Cannot find module '@/lib/auth-client' or its corresponding type declarations.
src/app/(dashboard)/(staff)/orders/page.tsx(15,8): error TS2307: Cannot find module '@/lib/use-notification-sound' or its corresponding type declarations.
src/app/(dashboard)/(staff)/orders/page.tsx(35,31): error TS2307: Cannot find module '@/components/confirm-dialog' or its corresponding type declarations.
src/app/(dashboard)/(staff)/orders/page.tsx(38,24): error TS2307: Cannot find module '@/components/ui/button' or its corresponding type declarations.
src/app/(dashboard)/(staff)/orders/page.tsx(39,23): error TS2307: Cannot find module '@/components/ui/input' or its corresponding type declarations.
src/app/(dashboard)/(staff)/orders/page.tsx(40,58): error TS2307: Cannot find module '@/components/ui/card' or its corresponding type declarations.
src/app/(dashboard)/(staff)/orders/page.tsx(41,23): error TS2307: Cannot find module '@/components/ui/badge' or its corresponding type declarations.
src/app/(dashboard)/(staff)/orders/page.tsx(42,23): error TS2307: Cannot find module '@/components/ui/label' or its corresponding type declarations.
src/app/(dashboard)/(staff)/orders/page.tsx(43,27): error TS2307: Cannot find module '@/components/ui/separator' or its corresponding type declarations.
src/app/(dashboard)/(staff)/orders/page.tsx(44,28): error TS2307: Cannot find module '@/components/ui/scroll-area' or its corresponding type declarations.
src/app/(dashboard)/(staff)/orders/page.tsx(45,58): error TS2307: Cannot find module '@/components/ui/tabs' or its corresponding type declarations.
src/app/(dashboard)/(staff)/orders/page.tsx(51,8): error TS2307: Cannot find module '@/components/ui/dialog' or its corresponding type declarations.
src/app/(dashboard)/(staff)/orders/page.tsx(84,27): error TS2307: Cannot find module '@/provider/socket-provider' or its corresponding type declarations.
src/app/(dashboard)/(staff)/orders/page.tsx(85,31): error TS2307: Cannot find module '@/types/order.type' or its corresponding type declarations.
src/app/(dashboard)/(staff)/orders/page.tsx(817,9): error TS2353: Object literal may only specify known properties, and 'tableNumber' does not exist in type '{ cart: CartItem[]; customerName: string; subtotal: number; discountTotal: number; total: number; paymentMethod: "split" | "cash" | "gcash"; splitPayment: { cash: number; gcash: number; }; ... 7 more ...; cashierId?: string; }'.
